07:44:42 **** Incremental Build of configuration Debug for project UART_Hello_World ****
make -j8 all 
arm-none-eabi-gcc "../Core/Src/main.c" -mcpu=cortex-m4 -std=gnu11 -g3 -DDEBUG -DUSE_HAL_DRIVER -DSTM32F446xx -c -I../Core/Inc -I../Drivers/STM32F4xx_HAL_Driver/Inc -I../Drivers/STM32F4xx_HAL_Driver/Inc/Legacy -I../Drivers/CMSIS/Device/ST/STM32F4xx/Include -I../Drivers/CMSIS/Include -O0 -ffunction-sections -fdata-sections -Wall -fstack-usage -fcyclomatic-complexity -MMD -MP -MF"Core/Src/main.d" -MT"Core/Src/main.o" --specs=nano.specs -mfpu=fpv4-sp-d16 -mfloat-abi=hard -mthumb -o "Core/Src/main.o"
arm-none-eabi-gcc -o "UART_Hello_World.elf" @"objects.list"   -mcpu=cortex-m4 -T"C:\Users\pable\Documents\MyRepo\embedded-stm32\Timers, PWM, CAN, Low Power(MCU2)\my workspace\UART_Hello_World\STM32F446RETX_FLASH.ld" --specs=nosys.specs -Wl,-Map="UART_Hello_World.map" -Wl,--gc-sections -static --specs=nano.specs -mfpu=fpv4-sp-d16 -mfloat-abi=hard -mthumb -Wl,--start-group -lc -lm -Wl,--end-group
Finished building target: UART_Hello_World.elf
 
arm-none-eabi-size  UART_Hello_World.elf 
arm-none-eabi-objdump -h -S UART_Hello_World.elf  > "UART_Hello_World.list"
   text	   data	    bss	    dec	    hex	filename
   9200	     16	   1640	  10856	   2a68	UART_Hello_World.elf
Finished building: default.size.stdout
 
Finished building: UART_Hello_World.list
 
